// Jest Snapshot v1, https://goo.gl/fbAQLP

exports[`it works 1`] = `
<span>
  BlockNode
</span>
`;
